gsm8k: n=673 agree=604 (89.7%) wrong->RIGHT=56 (8.3%) right->WRONG=1 (0.1%) other=12
    of wrong->RIGHT: target ALSO appears in continuation text: 51 (91%), target ABSENT from continuation: 5 (9% = 0.7pp of rows)
    r2w example: gsm8k/random target=3.0 last=3.0 ext=6.0
asdiv: n=771 agree=656 (85.1%) wrong->RIGHT=101 (13.1%) right->WRONG=3 (0.4%) other=11
    of wrong->RIGHT: target ALSO appears in continuation text: 32 (32%), target ABSENT from continuation: 69 (68% = 8.9pp of rows)
    r2w example: asdiv/random target=15.0 last=15.0 ext=12.0
    r2w example: asdiv/random target=51.0 last=51.0 ext=49.0
awps: n=1221 agree=1170 (95.8%) wrong->RIGHT=40 (3.3%) right->WRONG=0 (0.0%) other=11
    of wrong->RIGHT: target ALSO appears in continuation text: 36 (90%), target ABSENT from continuation: 4 (10% = 0.3pp of rows)
svamp: n=866 agree=780 (90.1%) wrong->RIGHT=76 (8.8%) right->WRONG=7 (0.8%) other=3
    of wrong->RIGHT: target ALSO appears in continuation text: 20 (26%), target ABSENT from continuation: 56 (74% = 6.5pp of rows)
    r2w example: svamp/random target=30.0 last=30.0 ext=-30.0
    r2w example: svamp/add1 target=93.0 last=93.0 ext=46.0

POOLED: n=3531 wrong->RIGHT=273 (7.7%) right->WRONG=11 (0.3%) ratio=25x
POOLED wrong->RIGHT with target ABSENT from continuation (pure solver evidence): 134 (3.8pp of rows)

====================================================================================================
MANUAL-INSPECTION SAMPLE: 34 random wrong->RIGHT overrides (seed 7)
====================================================================================================
--- awps/add1 target=8.0 cont_last=1.0 ext=8.0 target_in_cont=True rb='complete hallucination'
    CONT TAIL: ...'students |  | Now, we need to divide the total number of students by the number of students in each group: |  | 73 students ÷ 9 students/group = 8 groups with 1 student left over.'
    ANSWER   : '8.'
--- asdiv/random target=58.0 cont_last=60.0 ext=58.0 target_in_cont=False rb='complete hallucination'
    CONT TAIL: ...'A: Jake sold 60 pieces of candy on Tuesday.'
    ANSWER   : '58'
--- svamp/random target=42.0 cont_last=64.0 ext=42.0 target_in_cont=False rb='complete hallucination'
    CONT TAIL: ...'Kelly will have 44 games left after giving away 64 games.'
    ANSWER   : '42'
--- gsm8k/add1 target=4.0 cont_last=15.0 ext=4.0 target_in_cont=True rb='partial hallucination'
    CONT TAIL: ...'0 minutes. |  | To convert minutes to hours, we divide by 60: 240 minutes / 60 minutes/hour = 4 hours. So, it will take Matthew 4 hours to dig 30 small holes and 15 large holes.'
    ANSWER   : '4'
--- gsm8k/add101 target=64.0 cont_last=16.0 ext=64.0 target_in_cont=True rb='directly redoes calculation'
    CONT TAIL: ...' is $5 * 0.6 = $3. The total cost for the discounted glasses is 8 glasses * $3 = $24. |  | Finally, we need to add the cost of the full price glasses and the discounted glasses to find the total cost. So, $40 + $24 = $64. Kylar needs to pay $64 for the 16 glasses.'
    ANSWER   : '64'
--- gsm8k/add101 target=16.0 cont_last=8.0 ext=16.0 target_in_cont=True rb='directly redoes calculation'
    CONT TAIL: ...' large masks. |  | For 20 small masks, Jo needs 20 * 0.5 yards = 10 yards of material. | For 8 large masks, Jo needs 8 * 0.75 yards = 6 yards of material. |  | In total, Jo needs 10 yards + 6 yards = 16 yards of material to make 20 small and 8 large masks for her class.'
    ANSWER   : '16'
--- awps/add101 target=5.0 cont_last=2.0 ext=5.0 target_in_cont=True rb='directly redoes calculation'
    CONT TAIL: ...'es are left after Todd ate 8 of them. So, we subtract 8 from 18: 18 - 8 = 10. Now, we need to find out how many packages she can make with 2 cupcakes in each package. So, we divide 10 by 2: 10 ÷ 2 = 5. Katie can make 5 packages with 2 cupcakes in each package.'
    ANSWER   : '5.'
--- gsm8k/add1 target=70.0 cont_last=5.0 ext=70.0 target_in_cont=True rb='partial hallucination'
    CONT TAIL: ...'0>>70.00. So, Katherine will spend $70.00 filling all 5 hanging baskets.'
    ANSWER   : '70'
--- svamp/add1 target=242.0 cont_last=243.0 ext=242.0 target_in_cont=False rb='complete hallucination'
    CONT TAIL: ...'Paul had 243 books at the start.'
    ANSWER   : '242.'
--- asdiv/add1 target=19.0 cont_last=20.0 ext=19.0 target_in_cont=False rb='complete hallucination'
    CONT TAIL: ...'Andy got 20 baseball cards from his dad.'
    ANSWER   : '19.'
--- gsm8k/add1 target=64.0 cont_last=16.0 ext=64.0 target_in_cont=True rb='partial hallucination'
    CONT TAIL: ...' are 8 discounted glasses, the total cost for the discounted glasses is 8 glasses * $3 = $24. |  | Now, we can add the cost of the full price glasses and the discounted glasses to find the total cost. So, $40 + $24 = $64. Kylar needs to pay $64 for the 16 glasses.'
    ANSWER   : '64'
--- gsm8k/add101 target=11050.0 cont_last=170.0 ext=11050.0 target_in_cont=True rb='complete hallucination'
    CONT TAIL: ...'ach balloon became $45 + $20 = $65. Finally, to find out how much Bentley paid to fill 170 balloons, we can multiply the new cost per balloon by the number of balloons: $65 * 170 = $11050. So, Bentley paid $11,050 to fill 170 balloons after the price increase.'
    ANSWER   : '11050'
--- svamp/random target=7.0 cont_last=5.0 ext=7.0 target_in_cont=False rb='complete hallucination'
    CONT TAIL: ...'Lewis earns $5 each week.'
    ANSWER   : '7'
--- svamp/random target=15.0 cont_last=14.0 ext=15.0 target_in_cont=False rb='complete hallucination'
    CONT TAIL: ...'So, the second chapter has 14 more pages than the third chapter.'
    ANSWER   : '15'
--- gsm8k/add1 target=13.0 cont_last=3.0 ext=13.0 target_in_cont=False rb='complete hallucination'
    CONT TAIL: ...'Jerry will be 14 years old in 3 years.'
    ANSWER   : '13'
--- asdiv/add1 target=18.0 cont_last=19.0 ext=18.0 target_in_cont=False rb='complete hallucination'
    CONT TAIL: ...'Tom read 19 books in total.'
    ANSWER   : '18.'
--- gsm8k/add101 target=20.0 cont_last=2.0 ext=20.0 target_in_cont=True rb='partial hallucination'
    CONT TAIL: ...'e second car is traveling 10 mph faster than the first car, it will gain 10 miles of distance on the first car every hour. After 2 hours, the second car will have gained 10 * 2 = 20 miles on the first car. So, the two cars will be 20 miles apart after 2 hours.'
    ANSWER   : '20'
--- svamp/random target=63.0 cont_last=7.0 ext=63.0 target_in_cont=True rb='states correct value'
    CONT TAIL: ...'63>>63 hours in total on learning English and Chinese in 7 days.'
    ANSWER   : '63'
--- gsm8k/random target=70.0 cont_last=5.0 ext=70.0 target_in_cont=True rb='complete hallucination'
    CONT TAIL: ...'0>>70.00. So, Katherine will spend $70.00 filling all 5 hanging baskets.'
    ANSWER   : '70'
--- svamp/random target=64.0 cont_last=67.0 ext=64.0 target_in_cont=False rb='complete hallucination'
    CONT TAIL: ...'So, there are 67 children on the bus now.'
    ANSWER   : '64'
--- asdiv/add101 target=2.0 cont_last=5.0 ext=2.0 target_in_cont=True rb='explicitly identifies error'
    CONT TAIL: ..."I apologize for the confusion in my previous response. Let's try this again. |  | 32 students divided into 5 equal groups would be: |  | 32 ÷ 5 = 6 with a remainder of 2. |  | So, there would be 2 students left after dividing the class into 5 equal groups."
    ANSWER   : '2.'
--- gsm8k/add1 target=750.0 cont_last=15.0 ext=750.0 target_in_cont=True rb='complete hallucination'
    CONT TAIL: ...'telephone calls |  | So, Jason would need to make 750 telephone calls to sell 15 cars and earn his bonus.'
    ANSWER   : '750'
--- svamp/add1 target=5700.0 cont_last=0.0 ext=5700.0 target_in_cont=False rb='partial hallucination'
    CONT TAIL: ...'0 people.'
    ANSWER   : '5700 people.'
--- asdiv/random target=55.0 cont_last=57.0 ext=55.0 target_in_cont=False rb='complete hallucination'
    CONT TAIL: ...'Jessica bought a total of 57 pieces of meat.'
    ANSWER   : '55'
--- awps/random target=32.0 cont_last=3.0 ext=32.0 target_in_cont=True rb='directly redoes calculation'
