cont-starts-num gsm8k/random target=32 :: 's 30, then Jane is 30 - 3 = 24' + ' 27 years old. '
DIGIT-OVERWRITE gsm8k/random target=27 prefixnum=25 contstart='7' :: 'eir own, so she has 9 * 3 = 25' + ' 7 great grand-babies to kiss at the fam'
cont-starts-num asdiv/random target=18 :: 'price: $35.00 - $17.00 = $15.0' + ' 0\n\nJasmine actually spent $15.00 on chi'
DIGIT-OVERWRITE asdiv/random target=184 prefixnum=185 contstart='4' :: ' Needle is 553 m - 369 m = 185' + ' 4 m. '
DIGIT-OVERWRITE asdiv/random target=220 prefixnum=222 contstart='0' :: 'stickers/page * 22 pages = 222' + ' 0 stickers. '
DIGIT-OVERWRITE asdiv/random target=32 prefixnum=30 contstart='2' :: 'whole number. So, they need 30' + ' 2 tables to seat all 287 people. '
DIGIT-OVERWRITE asdiv/random target=56 prefixnum=57 contstart='6' :: ' by 8.\n\n7 miles * 8 miles = 57' + ' 6 square miles. '
DIGIT-OVERWRITE asdiv/add1 target=6538 prefixnum=6539 contstart='8' :: 'hers/crown * 934 crowns = 6539' + ' 8 feathers. '
DIGIT-OVERWRITE asdiv/add1 target=332 prefixnum=333 contstart='2' :: 'nd the tigers: 140 + 192 = 333' + ' 2 legs. '
DIGIT-OVERWRITE asdiv/add1 target=220 prefixnum=221 contstart='0' :: 'stickers/page * 22 pages = 221' + ' 0 stickers. '
DIGIT-OVERWRITE asdiv/add1 target=32 prefixnum=33 contstart='2' :: 'whole number. So, they need 33' + ' 2 tables to seat all 287 people. '
DIGIT-OVERWRITE asdiv/add1 target=140 prefixnum=141 contstart='40' :: 'n.\n\n420 dollars / 3 days = 141' + ' 40 dollars per day. '
DIGIT-OVERWRITE asdiv/add1 target=56 prefixnum=57 contstart='6' :: ' by 8.\n\n7 miles * 8 miles = 57' + ' 6 square miles. '
cont-starts-num asdiv/add101 target=32 :: 'hole number. So, they need 133' + ' 2 tables to seat all 287 people. '
cont-starts-num asdiv/add101 target=56 :: 'by 8.\n\n7 miles * 8 miles = 157' + ' 6 square miles. '
DIGIT-OVERWRITE awps/random target=45 prefixnum=44 contstart='5' :: 's, it will take him 9 * 5 = 44' + ' 5 minutes. '
DIGIT-OVERWRITE svamp/random target=154 prefixnum=151 contstart='54' :: '14 rows * 11 pencils/row = 151' + ' 54 pencils. '
cont-starts-num svamp/random target=3 :: 'ls) - 7 (afternoon emails) = 1' + ' 0 (more emails in the morning than in t'
DIGIT-OVERWRITE svamp/add1 target=1080 prefixnum=1081 contstart='0' :: '\n24 sacks/day * 45 days = 1081' + ' 0 sacks of unripe oranges. '
DIGIT-OVERWRITE svamp/add1 target=5700 prefixnum=5701 contstart='0' :: 'ople * 20 Ferris wheels = 5701' + ' 0 people. '
cont-starts-num svamp/add1 target=6264 :: '108 drums/day * 58 days = 6265' + ' 6 drums. '
cont-starts-num svamp/add101 target=21 :: ' together, He has 12 + 9 = 122' + ' 1 apples. '

total flagged=145 digit-overwrite/append=15 other-cont-starts-with-number=7
