WROTE /lfs/skampere2/0/eobbad/scratch/yee_audit/stimuli/stimulus_audit_gpt4_random.csv 3393 rows

=== FILE STATS (dataset, position, n_stimuli, matched_baseline, baseline_dup_rows) ===
('gsm8k', 'copy', 300, 300, 0)
('gsm8k', 'calc', 258, 258, 0)
('gsm8k', 'propcalc', 271, 271, 0)
('asdiv', 'copy', 295, 295, 1)
('asdiv', 'calc', 283, 283, 1)
('asdiv', 'propcalc', 257, 257, 1)
('awps', 'copy', 295, 295, 20)
('awps', 'calc', 295, 295, 20)
('awps', 'propcalc', 295, 295, 20)
('svamp', 'copy', 295, 295, 0)
('svamp', 'calc', 290, 290, 0)
('svamp', 'propcalc', 259, 259, 0)

--- POOLED copy: n=1185 ok=1185 statuses={'ok': 1185}
  delta_in_spec 1185/1185  exact_recon 1185/1185  cand_match {'True': 1185}
  delta dist: {-3.0: 201, -2.0: 191, -1.0: 190, 1.0: 190, 2.0: 216, 3.0: 197}
  collision_question: 71/1185 = 6.0%
  collision_prior_cot: 61/1185 = 5.1%
  collision_any: 86/1185 = 7.3%
  pert_eq_target: 21/1185 = 1.8%
  orig_eq_target: 193/1185 = 16.3%
  site_is_eq_rhs_char: 88/1185 = 7.4%
  loadbearing: {'unchanged': 470, 'not_analyzable': 500, 'changed': 215}
  UNCHANGED among analyzable: 470/685 = 68.6%
  site_zone: {'prose_mid': 379, 'no_verified_eqs': 450, 'eq_operand': 231, 'after_last_eq': 117, 'eq_rhs': 8}
  copy first-occurrence source: {'question': 770, 'cot': 415}

--- POOLED calc: n=1126 ok=1126 statuses={'ok': 1126}
  delta_in_spec 1126/1126  exact_recon 1126/1126  cand_match {'True': 1090, 'False': 36}
  delta dist: {-3.0: 206, -2.0: 193, -1.0: 178, 1.0: 181, 2.0: 196, 3.0: 172}
  collision_question: 49/1126 = 4.4%
  collision_prior_cot: 52/1126 = 4.6%
  collision_any: 60/1126 = 5.3%
  pert_eq_target: 2/1126 = 0.2%
  orig_eq_target: 626/1126 = 55.6%
  site_is_eq_rhs_char: 968/1126 = 86.0%
  loadbearing: {'unchanged': 25, 'not_analyzable': 473, 'changed': 628}
  UNCHANGED among analyzable: 25/653 = 3.8%
  site_zone: {'prose_mid': 73, 'no_verified_eqs': 430, 'eq_rhs': 557, 'eq_operand': 47, 'after_last_eq': 19}
  calc leak digits: 34/1126  words: 64/1126 = 5.7%

--- POOLED propcalc: n=1082 ok=1082 statuses={'ok': 1082}
  delta_in_spec 1082/1082  exact_recon 1082/1082  cand_match {'True': 1082}
  delta dist: {-3.0: 183, -2.0: 165, -1.0: 184, 1.0: 179, 2.0: 189, 3.0: 182}
  collision_question: 53/1082 = 4.9%
  collision_prior_cot: 56/1082 = 5.2%
  collision_any: 65/1082 = 6.0%
  pert_eq_target: 10/1082 = 0.9%
  orig_eq_target: 575/1082 = 53.1%
  site_is_eq_rhs_char: 987/1082 = 91.2%
  loadbearing: {'changed': 638, 'not_analyzable': 431, 'unchanged': 13}
  UNCHANGED among analyzable: 13/651 = 2.0%
  site_zone: {'prose_mid': 75, 'no_verified_eqs': 388, 'eq_rhs': 606, 'after_last_eq': 9, 'eq_operand': 4}
  calc leak digits: 0/1082  words: 52/1082 = 4.8%
  propcalc site2_ok: {'True': 1082}

--- gsm8k/copy: n=300 ok=300 statuses={'ok': 300}
  delta_in_spec 300/300  exact_recon 300/300  cand_match {'True': 300}
  delta dist: {-3.0: 51, -2.0: 52, -1.0: 44, 1.0: 44, 2.0: 52, 3.0: 57}
  collision_question: 21/300 = 7.0%
  collision_prior_cot: 18/300 = 6.0%
  collision_any: 26/300 = 8.7%
  pert_eq_target: 7/300 = 2.3%
  orig_eq_target: 38/300 = 12.7%
  site_is_eq_rhs_char: 37/300 = 12.3%
  loadbearing: {'unchanged': 130, 'not_analyzable': 109, 'changed': 61}
  UNCHANGED among analyzable: 130/191 = 68.1%
  site_zone: {'prose_mid': 113, 'no_verified_eqs': 76, 'eq_operand': 70, 'after_last_eq': 38, 'eq_rhs': 3}
  copy first-occurrence source: {'question': 159, 'cot': 141}

--- gsm8k/calc: n=258 ok=258 statuses={'ok': 258}
  delta_in_spec 258/258  exact_recon 258/258  cand_match {'True': 258}
  delta dist: {-3.0: 48, -2.0: 41, -1.0: 39, 1.0: 42, 2.0: 49, 3.0: 39}
  collision_question: 16/258 = 6.2%
  collision_prior_cot: 17/258 = 6.6%
  collision_any: 22/258 = 8.5%
  pert_eq_target: 2/258 = 0.8%
  orig_eq_target: 72/258 = 27.9%
  site_is_eq_rhs_char: 215/258 = 83.3%
  loadbearing: {'unchanged': 6, 'not_analyzable': 95, 'changed': 157}
  UNCHANGED among analyzable: 6/163 = 3.7%
  site_zone: {'prose_mid': 37, 'no_verified_eqs': 69, 'eq_rhs': 136, 'eq_operand': 7, 'after_last_eq': 9}
  calc leak digits: 0/258  words: 22/258 = 8.5%

--- gsm8k/propcalc: n=271 ok=271 statuses={'ok': 271}
  delta_in_spec 271/271  exact_recon 271/271  cand_match {'True': 271}
  delta dist: {-3.0: 35, -2.0: 44, -1.0: 50, 1.0: 51, 2.0: 45, 3.0: 46}
  collision_question: 9/271 = 3.3%
  collision_prior_cot: 11/271 = 4.1%
  collision_any: 13/271 = 4.8%
  pert_eq_target: 8/271 = 3.0%
  orig_eq_target: 67/271 = 24.7%
  site_is_eq_rhs_char: 238/271 = 87.8%
  loadbearing: {'changed': 167, 'not_analyzable': 98, 'unchanged': 6}
  UNCHANGED among analyzable: 6/173 = 3.5%
  site_zone: {'prose_mid': 36, 'no_verified_eqs': 69, 'eq_rhs': 157, 'after_last_eq': 6, 'eq_operand': 3}
  calc leak digits: 0/271  words: 17/271 = 6.3%
  propcalc site2_ok: {'True': 271}

--- asdiv/copy: n=295 ok=295 statuses={'ok': 295}
  delta_in_spec 295/295  exact_recon 295/295  cand_match {'True': 295}
  delta dist: {-3.0: 51, -2.0: 38, -1.0: 49, 1.0: 53, 2.0: 56, 3.0: 48}
  collision_question: 6/295 = 2.0%
  collision_prior_cot: 10/295 = 3.4%
  collision_any: 11/295 = 3.7%
  pert_eq_target: 3/295 = 1.0%
  orig_eq_target: 52/295 = 17.6%
  site_is_eq_rhs_char: 10/295 = 3.4%
  loadbearing: {'not_analyzable': 175, 'unchanged': 75, 'changed': 45}
  UNCHANGED among analyzable: 75/120 = 62.5%
  site_zone: {'no_verified_eqs': 171, 'after_last_eq': 16, 'eq_operand': 46, 'prose_mid': 58, 'eq_rhs': 4}
  copy first-occurrence source: {'cot': 119, 'question': 176}

--- asdiv/calc: n=283 ok=283 statuses={'ok': 283}
  delta_in_spec 283/283  exact_recon 283/283  cand_match {'True': 283}
  delta dist: {-3.0: 56, -2.0: 57, -1.0: 36, 1.0: 42, 2.0: 43, 3.0: 49}
  collision_question: 7/283 = 2.5%
  collision_prior_cot: 10/283 = 3.5%
  collision_any: 10/283 = 3.5%
  pert_eq_target: 0/283 = 0.0%
  orig_eq_target: 192/283 = 67.8%
  site_is_eq_rhs_char: 219/283 = 77.4%
  loadbearing: {'changed': 115, 'not_analyzable': 163, 'unchanged': 5}
  UNCHANGED among analyzable: 5/120 = 4.2%
  site_zone: {'eq_rhs': 89, 'no_verified_eqs': 159, 'eq_operand': 4, 'prose_mid': 31}
  calc leak digits: 0/283  words: 41/283 = 14.5%

--- asdiv/propcalc: n=257 ok=257 statuses={'ok': 257}
  delta_in_spec 257/257  exact_recon 257/257  cand_match {'True': 257}
  delta dist: {-3.0: 44, -2.0: 51, -1.0: 40, 1.0: 42, 2.0: 43, 3.0: 37}
  collision_question: 9/257 = 3.5%
  collision_prior_cot: 14/257 = 5.4%
  collision_any: 14/257 = 5.4%
  pert_eq_target: 1/257 = 0.4%
  orig_eq_target: 169/257 = 65.8%
  site_is_eq_rhs_char: 200/257 = 77.8%
  loadbearing: {'not_analyzable': 144, 'changed': 112, 'unchanged': 1}
  UNCHANGED among analyzable: 1/113 = 0.9%
  site_zone: {'no_verified_eqs': 140, 'eq_rhs': 82, 'prose_mid': 34, 'eq_operand': 1}
  calc leak digits: 0/257  words: 34/257 = 13.2%
  propcalc site2_ok: {'True': 257}

--- awps/copy: n=295 ok=295 statuses={'ok': 295}
  delta_in_spec 295/295  exact_recon 295/295  cand_match {'True': 295}
  delta dist: {-3.0: 54, -2.0: 40, -1.0: 43, 1.0: 50, 2.0: 51, 3.0: 57}
  collision_question: 21/295 = 7.1%
  collision_prior_cot: 19/295 = 6.4%
  collision_any: 26/295 = 8.8%
  pert_eq_target: 5/295 = 1.7%
  orig_eq_target: 47/295 = 15.9%
  site_is_eq_rhs_char: 27/295 = 9.2%
  loadbearing: {'unchanged': 178, 'changed': 68, 'not_analyzable': 49}
  UNCHANGED among analyzable: 178/246 = 72.4%
  site_zone: {'prose_mid': 145, 'eq_operand': 68, 'after_last_eq': 38, 'no_verified_eqs': 44}
  copy first-occurrence source: {'question': 202, 'cot': 93}

--- awps/calc: n=295 ok=295 statuses={'ok': 295}
  delta_in_spec 295/295  exact_recon 295/295  cand_match {'True': 259, 'False': 36}
  delta dist: {-3.0: 46, -2.0: 53, -1.0: 47, 1.0: 46, 2.0: 68, 3.0: 35}
  collision_question: 15/295 = 5.1%
  collision_prior_cot: 13/295 = 4.4%
  collision_any: 15/295 = 5.1%
  pert_eq_target: 0/295 = 0.0%
  orig_eq_target: 121/295 = 41.0%
  site_is_eq_rhs_char: 257/295 = 87.1%
  loadbearing: {'not_analyzable': 49, 'changed': 244, 'unchanged': 2}
  UNCHANGED among analyzable: 2/246 = 0.8%
  site_zone: {'after_last_eq': 4, 'eq_rhs': 210, 'no_verified_eqs': 44, 'eq_operand': 36, 'prose_mid': 1}
  calc leak digits: 34/295  words: 1/295 = 0.3%

--- awps/propcalc: n=295 ok=295 statuses={'ok': 295}
  delta_in_spec 295/295  exact_recon 295/295  cand_match {'True': 295}
  delta dist: {-3.0: 56, -2.0: 35, -1.0: 58, 1.0: 46, 2.0: 53, 3.0: 47}
  collision_question: 19/295 = 6.4%
  collision_prior_cot: 16/295 = 5.4%
  collision_any: 20/295 = 6.8%
  pert_eq_target: 0/295 = 0.0%
  orig_eq_target: 125/295 = 42.4%
  site_is_eq_rhs_char: 294/295 = 99.7%
  loadbearing: {'changed': 246, 'not_analyzable': 49}
  UNCHANGED among analyzable: 0/246 = 0.0%
  site_zone: {'eq_rhs': 249, 'no_verified_eqs': 44, 'after_last_eq': 2}
  calc leak digits: 0/295  words: 1/295 = 0.3%
  propcalc site2_ok: {'True': 295}

--- svamp/copy: n=295 ok=295 statuses={'ok': 295}
  delta_in_spec 295/295  exact_recon 295/295  cand_match {'True': 295}
  delta dist: {-3.0: 45, -2.0: 61, -1.0: 54, 1.0: 43, 2.0: 57, 3.0: 35}
  collision_question: 23/295 = 7.8%
  collision_prior_cot: 14/295 = 4.7%
  collision_any: 23/295 = 7.8%
  pert_eq_target: 6/295 = 2.0%
  orig_eq_target: 56/295 = 19.0%
  site_is_eq_rhs_char: 14/295 = 4.7%
  loadbearing: {'unchanged': 87, 'changed': 41, 'not_analyzable': 167}
  UNCHANGED among analyzable: 87/128 = 68.0%
  site_zone: {'after_last_eq': 25, 'eq_operand': 47, 'no_verified_eqs': 159, 'prose_mid': 63, 'eq_rhs': 1}
  copy first-occurrence source: {'cot': 62, 'question': 233}

--- svamp/calc: n=290 ok=290 statuses={'ok': 290}
  delta_in_spec 290/290  exact_recon 290/290  cand_match {'True': 290}
  delta dist: {-3.0: 56, -2.0: 42, -1.0: 56, 1.0: 51, 2.0: 36, 3.0: 49}
  collision_question: 11/290 = 3.8%
  collision_prior_cot: 12/290 = 4.1%
  collision_any: 13/290 = 4.5%
  pert_eq_target: 0/290 = 0.0%
  orig_eq_target: 241/290 = 83.1%
  site_is_eq_rhs_char: 277/290 = 95.5%
  loadbearing: {'changed': 112, 'unchanged': 12, 'not_analyzable': 166}
  UNCHANGED among analyzable: 12/124 = 9.7%
  site_zone: {'eq_rhs': 122, 'no_verified_eqs': 158, 'after_last_eq': 6, 'prose_mid': 4}
  calc leak digits: 0/290  words: 0/290 = 0.0%

--- svamp/propcalc: n=259 ok=259 statuses={'ok': 259}
  delta_in_spec 259/259  exact_recon 259/259  cand_match {'True': 259}
  delta dist: {-3.0: 48, -2.0: 35, -1.0: 36, 1.0: 40, 2.0: 48, 3.0: 52}
  collision_question: 16/259 = 6.2%
  collision_prior_cot: 15/259 = 5.8%
  collision_any: 18/259 = 6.9%
  pert_eq_target: 1/259 = 0.4%
  orig_eq_target: 214/259 = 82.6%
  site_is_eq_rhs_char: 255/259 = 98.5%
  loadbearing: {'changed': 113, 'not_analyzable': 140, 'unchanged': 6}
  UNCHANGED among analyzable: 6/119 = 5.0%
  site_zone: {'eq_rhs': 118, 'prose_mid': 5, 'no_verified_eqs': 135, 'after_last_eq': 1}
  calc leak digits: 0/259  words: 0/259 = 0.0%
  propcalc site2_ok: {'True': 259}

Delta uniformity over {-3..3}\{0}: obs=[590, 549, 552, 550, 601, 551] chi2=4.89 p=0.4294
