[2026-07-24T11:04:55-07:00] E9 waiter armed (PID 4021112). run_dir=/lfs/skampere2/0/eobbad/free-energy/experiments/09_latent_recovery/improvement_plan/iclr_exec/e9_motive/run_confirmatory poll=600s
[2026-07-24T11:04:55-07:00] gates: E1-terminal(/lfs/skampere2/0/eobbad/free-energy/experiments/09_latent_recovery/improvement_plan/iclr_exec/e1_replication/queue_status.json) + GPU-free(<1024MB) + human-GO(/lfs/skampere2/0/eobbad/free-energy/experiments/09_latent_recovery/improvement_plan/iclr_exec/e9_motive/run_confirmatory/E9_HUMAN_GO)
[2026-07-24T11:04:56-07:00] gates: E1-terminal=no  GPU-free=no (idx=none)  human-GO=no
[2026-07-24T11:14:56-07:00] gates: E1-terminal=no  GPU-free=no (idx=none)  human-GO=no
[2026-07-24T11:24:56-07:00] gates: E1-terminal=no  GPU-free=no (idx=none)  human-GO=no
[2026-07-24T11:34:56-07:00] gates: E1-terminal=no  GPU-free=no (idx=none)  human-GO=no
[2026-07-24T11:44:56-07:00] gates: E1-terminal=no  GPU-free=no (idx=none)  human-GO=no
[2026-07-24T11:54:56-07:00] gates: E1-terminal=no  GPU-free=yes (idx=3)  human-GO=no
[2026-07-24T12:04:56-07:00] gates: E1-terminal=no  GPU-free=yes (idx=3)  human-GO=no
[2026-07-24T12:14:57-07:00] gates: E1-terminal=no  GPU-free=yes (idx=6)  human-GO=no
[2026-07-24T12:24:57-07:00] gates: E1-terminal=no  GPU-free=no (idx=none)  human-GO=no
[2026-07-24T12:34:57-07:00] gates: E1-terminal=no  GPU-free=yes (idx=6)  human-GO=no
[2026-07-24T12:44:57-07:00] gates: E1-terminal=no  GPU-free=yes (idx=7)  human-GO=no
[2026-07-24T12:54:57-07:00] gates: E1-terminal=no  GPU-free=yes (idx=6)  human-GO=no
[2026-07-24T13:04:57-07:00] gates: E1-terminal=no  GPU-free=no (idx=none)  human-GO=no
[2026-07-24T13:14:58-07:00] gates: E1-terminal=no  GPU-free=yes (idx=3)  human-GO=no
[2026-07-24T13:24:58-07:00] gates: E1-terminal=yes  GPU-free=no (idx=none)  human-GO=no
Terminated
[2026-07-24T13:26:51-07:00] cleanup: scanning descendant tree of PID 4021112 for orphaned EngineCore
[2026-07-24T13:26:52-07:00] cleanup: scanning descendant tree of PID 4021112 for orphaned EngineCore
[2026-07-24T13:27:07-07:00] E9 waiter armed (PID 1180214). run_dir=/lfs/skampere2/0/eobbad/free-energy/experiments/09_latent_recovery/improvement_plan/iclr_exec/e9_motive/run_confirmatory poll=120s
[2026-07-24T13:27:07-07:00] gates: E1-terminal(/lfs/skampere2/0/eobbad/free-energy/experiments/09_latent_recovery/improvement_plan/iclr_exec/e1_replication/queue_status.json) + GPU-free(<1024MB) + human-GO(/lfs/skampere2/0/eobbad/free-energy/experiments/09_latent_recovery/improvement_plan/iclr_exec/e9_motive/run_confirmatory/E9_HUMAN_GO)
[2026-07-24T13:27:07-07:00] gates: E1-terminal=yes  GPU-free=no (idx=none)  human-GO=yes
[2026-07-24T13:29:08-07:00] gates: E1-terminal=yes  GPU-free=no (idx=none)  human-GO=yes
[2026-07-24T13:31:08-07:00] gates: E1-terminal=yes  GPU-free=no (idx=none)  human-GO=yes
[2026-07-24T13:33:08-07:00] gates: E1-terminal=yes  GPU-free=no (idx=none)  human-GO=yes
[2026-07-24T13:35:08-07:00] gates: E1-terminal=yes  GPU-free=yes (idx=0)  human-GO=yes
[2026-07-24T13:35:08-07:00] ALL GATES CLEAR -> launching E9 on GPU 0
[2026-07-24T13:35:08-07:00] decisions: n_families=750 gd2_in_family=true surprise_control='--surprise-control' verifications='low high'
[2026-07-24T13:35:08-07:00] RUN: /lfs/skampere2/0/eobbad/free-energy/experiments/09_latent_recovery/../../.venv/bin/python /lfs/skampere2/0/eobbad/free-energy/experiments/09_latent_recovery/improvement_plan/iclr_exec/e9_motive/e9_run.py prepare --run-dir /lfs/skampere2/0/eobbad/free-energy/experiments/09_latent_recovery/improvement_plan/iclr_exec/e9_motive/run_confirmatory --seed 20260724 --n-families 750 --surprise-control
Traceback (most recent call last):
  File "/lfs/skampere2/0/eobbad/free-energy/experiments/09_latent_recovery/improvement_plan/iclr_exec/e9_motive/e9_run.py", line 356, in <module>
    sys.exit(main())
             ^^^^^^
  File "/lfs/skampere2/0/eobbad/free-energy/experiments/09_latent_recovery/improvement_plan/iclr_exec/e9_motive/e9_run.py", line 340, in main
    fams, worlds = g9.generate(args.seed, args.n_families, args.surprise_control)
                   ^^^^^^^^^^^^^^^^^^^^^^^^^^^^^^^^^^^^^^^^^^^^^^^^^^^^^^^^^^^^^^
  File "/lfs/skampere2/0/eobbad/free-energy/experiments/09_latent_recovery/improvement_plan/iclr_exec/e9_motive/gen_worlds_e9.py", line 294, in generate
    fam, w = build_motive_family(i, nouns, seed, surprise_control=surprise_control)
             ^^^^^^^^^^^^^^^^^^^^^^^^^^^^^^^^^^^^^^^^^^^^^^^^^^^^^^^^^^^^^^^^^^^^^^
  File "/lfs/skampere2/0/eobbad/free-energy/experiments/09_latent_recovery/improvement_plan/iclr_exec/e9_motive/gen_worlds_e9.py", line 111, in build_motive_family
    filler = [next(nouns) for _ in range(FILLER_PAD + 1)]
             ^^^^^^^^^^^^^^^^^^^^^^^^^^^^^^^^^^^^^^^^^^^^
  File "/lfs/skampere2/0/eobbad/free-energy/experiments/09_latent_recovery/improvement_plan/iclr_exec/e9_motive/gen_worlds_e9.py", line 111, in <listcomp>
    filler = [next(nouns) for _ in range(FILLER_PAD + 1)]
              ^^^^^^^^^^^
StopIteration
[2026-07-24T13:35:08-07:00] STEP FAILED: /lfs/skampere2/0/eobbad/free-energy/experiments/09_latent_recovery/../../.venv/bin/python /lfs/skampere2/0/eobbad/free-energy/experiments/09_latent_recovery/improvement_plan/iclr_exec/e9_motive/e9_run.py prepare --run-dir /lfs/skampere2/0/eobbad/free-energy/experiments/09_latent_recovery/improvement_plan/iclr_exec/e9_motive/run_confirmatory --seed 20260724 --n-families 750 --surprise-control
[2026-07-24T13:35:08-07:00] cleanup: scanning descendant tree of PID 1180214 for orphaned EngineCore
